// Vitest Snapshot v1, https://vitest.dev/guide/snapshot.html

exports[`SimulationEngine Integration > should match SP snapshot 1`] = `
[
  {
    "sp": 200,
    "time": 0,
  },
  {
    "actionId": "inst_hkc1ibd",
    "sp": 100,
    "time": 0,
  },
  {
    "sp": 100,
    "time": 0.5,
  },
  {
    "sp": 122.94999999999999,
    "time": 3.2,
  },
  {
    "actionId": "inst_83xf30r",
    "sp": 140.95,
    "time": 3.2,
  },
  {
    "actionId": "inst_6wgpfl3",
    "sp": 40.94999999999999,
    "time": 3.2,
  },
  {
    "sp": 40.94999999999999,
    "time": 3.7,
  },
  {
    "sp": 46.89999999999999,
    "time": 4.4,
  },
  {
    "sp": 46.89999999999999,
    "time": 4.9,
  },
  {
    "sp": 73.24999999999999,
    "time": 8,
  },
  {
    "sp": 73.24999999999999,
    "time": 8.5,
  },
  {
    "sp": 82.6,
    "time": 9.6,
  },
  {
    "actionId": "inst_nxhwtu6",
    "sp": 100.6,
    "time": 9.6,
  },
  {
    "sp": 132.05,
    "time": 13.3,
  },
  {
    "actionId": "inst_95ddgxo",
    "sp": 150.05,
    "time": 13.3,
  },
  {
    "actionId": "inst_wi5a1dj",
    "sp": 50.05000000000001,
    "time": 13.3,
  },
  {
    "sp": 50.05000000000001,
    "time": 13.8,
  },
  {
    "sp": 78.10000000000002,
    "time": 17.1,
  },
  {
    "actionId": "inst_9u3lc19",
    "sp": 96.10000000000002,
    "time": 17.1,
  },
  {
    "sp": 108,
    "time": 18.5,
  },
  {
    "sp": 108,
    "time": 19,
  },
  {
    "sp": 129.25,
    "time": 21.5,
  },
  {
    "actionId": "inst_7d7vbcy",
    "sp": 147.25,
    "time": 21.5,
  },
  {
    "sp": 147.25,
    "time": 21.8,
  },
  {
    "sp": 147.25,
    "time": 22.3,
  },
  {
    "sp": 165.95,
    "time": 24.5,
  },
  {
    "sp": 165.95,
    "time": 25,
  },
  {
    "sp": 177.84999999999997,
    "time": 26.4,
  },
  {
    "actionId": "inst_ai1qx5h",
    "sp": 202.84999999999997,
    "time": 26.4,
  },
  {
    "sp": 203.7,
    "time": 26.5,
  },
  {
    "actionId": "inst_8ka0n5b",
    "sp": 103.69999999999999,
    "time": 26.5,
  },
  {
    "sp": 103.69999999999999,
    "time": 27,
  },
  {
    "sp": 300,
    "time": 50.09411764705882,
  },
  {
    "sp": 300,
    "time": 120,
  },
]
`;

exports[`SimulationEngine Integration > should match Stagger snapshot 1`] = `
{
  "lockSegments": [
    {
      "end": 32.8,
      "start": 21.5,
    },
  ],
  "nodeSegments": [],
  "nodeStep": 125,
  "points": [
    {
      "time": 0,
      "val": 0,
    },
    {
      "time": 1.5,
      "val": 0,
    },
    {
      "time": 1.5,
      "val": 10,
    },
    {
      "time": 3.2,
      "val": 10,
    },
    {
      "time": 3.2,
      "val": 26,
    },
    {
      "time": 3.6,
      "val": 26,
    },
    {
      "time": 3.6,
      "val": 36,
    },
    {
      "time": 4.960000000000001,
      "val": 36,
    },
    {
      "time": 4.960000000000001,
      "val": 46,
    },
    {
      "time": 8.8,
      "val": 46,
    },
    {
      "time": 8.8,
      "val": 56,
    },
    {
      "time": 9.6,
      "val": 56,
    },
    {
      "time": 9.6,
      "val": 72,
    },
    {
      "time": 13.3,
      "val": 72,
    },
    {
      "time": 13.3,
      "val": 88,
    },
    {
      "time": 14.3,
      "val": 88,
    },
    {
      "time": 14.3,
      "val": 98,
    },
    {
      "time": 17.1,
      "val": 98,
    },
    {
      "time": 17.1,
      "val": 114,
    },
    {
      "time": 19.5,
      "val": 114,
    },
    {
      "time": 19.5,
      "val": 124,
    },
    {
      "time": 21.5,
      "val": 124,
    },
    {
      "time": 21.5,
      "val": 0,
    },
    {
      "time": 22.36,
      "val": 0,
    },
    {
      "time": 23,
      "val": 0,
    },
    {
      "time": 25.3,
      "val": 0,
    },
    {
      "time": 26.9,
      "val": 0,
    },
    {
      "time": 120,
      "val": 0,
    },
  ],
}
`;
